2026-05-18 21:39:26.418406: E external/local_xla/xla/stream_executor/cuda/cuda_fft.cc:477] Unable to register cuFFT factory: Attempting to register factory for plugin cuFFT when one has already been registered
WARNING: All log messages before absl::InitializeLog() is called are written to STDERR
E0000 00:00:1779133166.435466  614430 cuda_dnn.cc:8310] Unable to register cuDNN factory: Attempting to register factory for plugin cuDNN when one has already been registered
E0000 00:00:1779133166.440446  614430 cuda_blas.cc:1418] Unable to register cuBLAS factory: Attempting to register factory for plugin cuBLAS when one has already been registered
2026-05-18 21:39:26.457331: I tensorflow/core/platform/cpu_feature_guard.cc:210] This TensorFlow binary is optimized to use available CPU instructions in performance-critical operations.
To enable the following instructions: AVX2 FMA, in other operations, rebuild TensorFlow with the appropriate compiler flags.
[21:39:28] Open legacy cache ds_UnseenTestSet_07e8e66de8d2a720.npz (memmap)
  X shape=(5539, 32000, 33) dtype=float16; 5539 events
  honest-eval-subset files: 11
  subset indices: 584 events  /  full indices: 5539 events

[21:39:48] Load model cnn_breakpoint_runB2_sig10_final.keras
I0000 00:00:1779133188.215057  614430 gpu_device.cc:2022] Created device /job:localhost/replica:0/task:0/device:GPU:0 with 5757 MB memory:  -> device: 0, name: NVIDIA GeForce RTX 3070, pci bus id: 0000:26:00.0, compute capability: 8.6
  params=1,571,137

=== SUBSET (584 events) ===
[21:39:48] Streamed inference (B2 mask per batch, batch=32)
WARNING: All log messages before absl::InitializeLog() is called are written to STDERR
I0000 00:00:1779133189.872221  614586 service.cc:148] XLA service 0x7fdb35010d00 initialized for platform CUDA (this does not guarantee that XLA will be used). Devices:
I0000 00:00:1779133189.872241  614586 service.cc:156]   StreamExecutor device (0): NVIDIA GeForce RTX 3070, Compute Capability 8.6
2026-05-18 21:39:49.901261: I tensorflow/compiler/mlir/tensorflow/utils/dump_mlir_util.cc:268] disabling MLIR crash reproducer, set env var `MLIR_CRASH_REPRODUCER_DIRECTORY` to enable.
I0000 00:00:1779133189.980340  614586 cuda_dnn.cc:529] Loaded cuDNN version 90300
2026-05-18 21:39:54.970602: W external/local_xla/xla/tsl/framework/bfc_allocator.cc:306] Allocator (GPU_0_bfc) ran out of memory trying to allocate 2.46GiB with freed_by_count=0. The caller indicates that this is not a failure, but this may mean that there could be performance gains if more memory were available.
2026-05-18 21:39:54.970637: W external/local_xla/xla/tsl/framework/bfc_allocator.cc:306] Allocator (GPU_0_bfc) ran out of memory trying to allocate 2.46GiB with freed_by_count=0. The caller indicates that this is not a failure, but this may mean that there could be performance gains if more memory were available.
2026-05-18 21:39:56.503541: W external/local_xla/xla/tsl/framework/bfc_allocator.cc:306] Allocator (GPU_0_bfc) ran out of memory trying to allocate 2.46GiB with freed_by_count=0. The caller indicates that this is not a failure, but this may mean that there could be performance gains if more memory were available.
2026-05-18 21:39:57.758004: W external/local_xla/xla/tsl/framework/bfc_allocator.cc:306] Allocator (GPU_0_bfc) ran out of memory trying to allocate 2.46GiB with freed_by_count=0. The caller indicates that this is not a failure, but this may mean that there could be performance gains if more memory were available.
2026-05-18 21:39:57.758042: W external/local_xla/xla/tsl/framework/bfc_allocator.cc:306] Allocator (GPU_0_bfc) ran out of memory trying to allocate 2.46GiB with freed_by_count=0. The caller indicates that this is not a failure, but this may mean that there could be performance gains if more memory were available.
2026-05-18 21:39:57.942654: W external/local_xla/xla/tsl/framework/bfc_allocator.cc:306] Allocator (GPU_0_bfc) ran out of memory trying to allocate 2.46GiB with freed_by_count=0. The caller indicates that this is not a failure, but this may mean that there could be performance gains if more memory were available.
I0000 00:00:1779133206.032822  614586 device_compiler.h:188] Compiled cluster using XLA!  This line is logged at most once for the lifetime of the process.
2026-05-18 21:40:06.034197: W external/local_xla/xla/tsl/framework/bfc_allocator.cc:378] Garbage collection: deallocate free memory regions (i.e., allocations) so that we can re-allocate a larger region to avoid OOM due to memory fragmentation. If you see this message frequently, you are running near the threshold of the available device memory and re-allocation may incur great performance overhead. You may try smaller batch sizes to observe the performance impact. Set TF_ENABLE_GPU_GARBAGE_COLLECTION=false if you'd like to disable this feature.
    [320/584]  13 ev/s  ETA 21s  RSS 12.9 GB
    [584/584]  15 ev/s  ETA 0s  RSS 12.9 GB
    total inference: 38s

[21:40:27] Threshold sweep @ EB=0:
    thr=0.10: P=0.112 R=0.597 F1=0.188
    thr=0.20: P=0.377 R=0.507 F1=0.432
    thr=0.30: P=0.380 R=0.470 F1=0.421
    thr=0.40: P=0.379 R=0.463 F1=0.417
    thr=0.50: P=0.380 R=0.461 F1=0.417
    thr=0.60: P=0.379 R=0.459 F1=0.415
    thr=0.70: P=0.367 R=0.304 F1=0.332
    thr=0.80: P=0.285 R=0.143 F1=0.191
    thr=0.90: P=0.349 R=0.128 F1=0.188
    thr=0.95: P=0.694 R=0.103 F1=0.179

  Best @ EB=0:  thr=0.20  P=0.377  R=0.507  F1=0.4321
  Target F1 = 0.4205  (±0.03)
  |Δ| = 0.0116  →  PASS

Saved m04_inference_audit.json

M0.4 inference audit: PASS
