[10:04:43] device=cuda
[10:04:50] loading AutoModelForMaskedLM InstaDeepAI/nucleotide-transformer-v2-100m-multi-species
  params: 97,889,132
  tokenizer self-test: 6000 bp -> 1001 tokens (expected 1001)

=== XML-5 — short (~10 kb) ===
  sampled 30 sequences, avg_len=10783
    60 chunks of up to 6000 bp
    [20/60] 12.8 chunks/s RSS 1.1 GB  GPU 1.06 GB
    [40/60] 13.6 chunks/s RSS 1.1 GB  GPU 1.06 GB
    [60/60] 13.8 chunks/s RSS 1.1 GB  GPU 1.06 GB
  MLM token accuracy: 0.0017  (n_masked=8,013)
  nucleotide-level accuracy: 0.3175
    pos 0-25%: acc=0.0029  (n=2,039)
    pos 25-75%: acc=0.0010  (n=3,939)
    pos 75-100%: acc=0.0020  (n=2,035)

=== XML-6 — medium (~10 kb) ===
  sampled 30 sequences, avg_len=10000
    60 chunks of up to 6000 bp
    [20/60] 19.8 chunks/s RSS 1.1 GB  GPU 1.06 GB
    [40/60] 19.8 chunks/s RSS 1.1 GB  GPU 1.06 GB
    [60/60] 19.8 chunks/s RSS 1.1 GB  GPU 1.06 GB
  MLM token accuracy: 0.0013  (n_masked=7,500)
  nucleotide-level accuracy: 0.2970
    pos 0-25%: acc=0.0005  (n=1,901)
    pos 25-75%: acc=0.0013  (n=3,761)
    pos 75-100%: acc=0.0022  (n=1,838)

=== long_content_30k_001 — long (~30 kb) ===
  sampled 30 sequences, avg_len=29902
    150 chunks of up to 6000 bp
    [20/150] 19.6 chunks/s RSS 1.1 GB  GPU 1.06 GB
    [40/150] 19.6 chunks/s RSS 1.1 GB  GPU 1.06 GB
    [60/150] 19.6 chunks/s RSS 1.1 GB  GPU 1.06 GB
    [80/150] 19.6 chunks/s RSS 1.1 GB  GPU 1.06 GB
    [100/150] 19.6 chunks/s RSS 1.1 GB  GPU 1.06 GB
    [120/150] 19.6 chunks/s RSS 1.1 GB  GPU 1.06 GB
    [140/150] 19.6 chunks/s RSS 1.1 GB  GPU 1.06 GB
    [150/150] 19.6 chunks/s RSS 1.1 GB  GPU 1.06 GB
  MLM token accuracy: 0.0024  (n_masked=22,410)
  nucleotide-level accuracy: 0.3376
    pos 0-25%: acc=0.0032  (n=5,604)
    pos 25-75%: acc=0.0018  (n=11,161)
    pos 75-100%: acc=0.0027  (n=5,645)

Report saved to m12_probe_nt100.json

=== NT-v2 100M MS zero-shot MLM probe summary ===
mean 6-mer token accuracy:    0.0018
mean nucleotide-level acc:    0.3174
random 6-mer baseline:        0.0002
HyenaDNA-small (causal LM):   0.308 next-token accuracy
DECISION: NT zero-shot is near random — multispecies pretraining does not transfer to SANTA without adaptation.
